This is pdfTeX, Version 3.141592653-2.6-1.40.27 (TeX Live 2025/nixos.org) (preloaded format=pdflatex 1980.1.1)  25 JAN 2026 21:04
entering extended mode
 restricted \write18 enabled.
 %&-line parsing enabled.
**/home/hitentandon/projects/notes/algebraic-combinators/mobius_inversion.tex -
interactionmode=nonstopmode -halt-on-error
(/home/hitentandon/projects/notes/algebraic-combinators/mobius_inversion.tex
LaTeX2e <2025-06-01> patch level 1
L3 programming layer <2025-06-09>

(/nix/store/mmsrx80s04dd1s9bwnv7k4n5pyil4lkz-texlive-combined-full-2025.2025070
3-texmfdist/tex/latex/base/article.cls
Document Class: article 2025/01/22 v1.4n Standard LaTeX document class

(/nix/store/mmsrx80s04dd1s9bwnv7k4n5pyil4lkz-texlive-combined-full-2025.2025070
3-texmfdist/tex/latex/base/size10.clo
File: size10.clo 2025/01/22 v1.4n Standard LaTeX file (size option)
)
\c@part=\count275
\c@section=\count276
\c@subsection=\count277
\c@subsubsection=\count278
\c@paragraph=\count279
\c@subparagraph=\count280
\c@figure=\count281
\c@table=\count282
\abovecaptionskip=\skip49
\belowcaptionskip=\skip50
\bibindent=\dimen148
)
(/nix/store/mmsrx80s04dd1s9bwnv7k4n5pyil4lkz-texlive-combined-full-2025.2025070
3-texmfdist/tex/latex/amsfonts/amssymb.sty
Package: amssymb 2013/01/14 v3.01 AMS font symbols

(/nix/store/mmsrx80s04dd1s9bwnv7k4n5pyil4lkz-texlive-combined-full-2025.2025070
3-texmfdist/tex/latex/amsfonts/amsfonts.sty
Package: amsfonts 2013/01/14 v3.01 Basic AMSFonts support
\@emptytoks=\toks17
\symAMSa=\mathgroup4
\symAMSb=\mathgroup5
LaTeX Font Info:    Redeclaring math symbol \hbar on input line 98.
LaTeX Font Info:    Overwriting math alphabet `\mathfrak' in version `bold'
(Font)                  U/euf/m/n --> U/euf/b/n on input line 106.
))
(/nix/store/mmsrx80s04dd1s9bwnv7k4n5pyil4lkz-texlive-combined-full-2025.2025070
3-texmfdist/tex/latex/amsmath/amsmath.sty
Package: amsmath 2025/06/16 v2.17y AMS math features
\@mathmargin=\skip51

For additional information on amsmath, use the `?' option.

(/nix/store/mmsrx80s04dd1s9bwnv7k4n5pyil4lkz-texlive-combined-full-2025.2025070
3-texmfdist/tex/latex/amsmath/amstext.sty
Package: amstext 2024/11/17 v2.01 AMS text

(/nix/store/mmsrx80s04dd1s9bwnv7k4n5pyil4lkz-texlive-combined-full-2025.2025070
3-texmfdist/tex/latex/amsmath/amsgen.sty
File: amsgen.sty 1999/11/30 v2.0 generic functions
\@emptytoks=\toks18
\ex@=\dimen149
))
(/nix/store/mmsrx80s04dd1s9bwnv7k4n5pyil4lkz-texlive-combined-full-2025.2025070
3-texmfdist/tex/latex/amsmath/amsbsy.sty
Package: amsbsy 1999/11/29 v1.2d Bold Symbols
\pmbraise@=\dimen150
)
(/nix/store/mmsrx80s04dd1s9bwnv7k4n5pyil4lkz-texlive-combined-full-2025.2025070
3-texmfdist/tex/latex/amsmath/amsopn.sty
Package: amsopn 2022/04/08 v2.04 operator names
)
\inf@bad=\count283
LaTeX Info: Redefining \frac on input line 233.
\uproot@=\count284
\leftroot@=\count285
LaTeX Info: Redefining \overline on input line 398.
LaTeX Info: Redefining \colon on input line 409.
\classnum@=\count286
\DOTSCASE@=\count287
LaTeX Info: Redefining \ldots on input line 495.
LaTeX Info: Redefining \dots on input line 498.
LaTeX Info: Redefining \cdots on input line 619.
\Mathstrutbox@=\box53
\strutbox@=\box54
LaTeX Info: Redefining \big on input line 721.
LaTeX Info: Redefining \Big on input line 722.
LaTeX Info: Redefining \bigg on input line 723.
LaTeX Info: Redefining \Bigg on input line 724.
\big@size=\dimen151
LaTeX Font Info:    Redeclaring font encoding OML on input line 742.
LaTeX Font Info:    Redeclaring font encoding OMS on input line 743.
\macc@depth=\count288
LaTeX Info: Redefining \bmod on input line 904.
LaTeX Info: Redefining \pmod on input line 909.
LaTeX Info: Redefining \smash on input line 939.
LaTeX Info: Redefining \relbar on input line 969.
LaTeX Info: Redefining \Relbar on input line 970.
\c@MaxMatrixCols=\count289
\dotsspace@=\muskip17
\c@parentequation=\count290
\dspbrk@lvl=\count291
\tag@help=\toks19
\row@=\count292
\column@=\count293
\maxfields@=\count294
\andhelp@=\toks20
\eqnshift@=\dimen152
\alignsep@=\dimen153
\tagshift@=\dimen154
\tagwidth@=\dimen155
\totwidth@=\dimen156
\lineht@=\dimen157
\@envbody=\toks21
\multlinegap=\skip52
\multlinetaggap=\skip53
\mathdisplay@stack=\toks22
LaTeX Info: Redefining \[ on input line 2949.
LaTeX Info: Redefining \] on input line 2950.
)
(/nix/store/mmsrx80s04dd1s9bwnv7k4n5pyil4lkz-texlive-combined-full-2025.2025070
3-texmfdist/tex/latex/pgf/frontendlayer/tikz.sty
(/nix/store/mmsrx80s04dd1s9bwnv7k4n5pyil4lkz-texlive-combined-full-2025.2025070
3-texmfdist/tex/latex/pgf/basiclayer/pgf.sty
(/nix/store/mmsrx80s04dd1s9bwnv7k4n5pyil4lkz-texlive-combined-full-2025.2025070
3-texmfdist/tex/latex/pgf/utilities/pgfrcs.sty
(/nix/store/mmsrx80s04dd1s9bwnv7k4n5pyil4lkz-texlive-combined-full-2025.2025070
3-texmfdist/tex/generic/pgf/utilities/pgfutil-common.tex
\pgfutil@everybye=\toks23
\pgfutil@tempdima=\dimen158
\pgfutil@tempdimb=\dimen159
)
(/nix/store/mmsrx80s04dd1s9bwnv7k4n5pyil4lkz-texlive-combined-full-2025.2025070
3-texmfdist/tex/generic/pgf/utilities/pgfutil-latex.def
\pgfutil@abb=\box55
)
(/nix/store/mmsrx80s04dd1s9bwnv7k4n5pyil4lkz-texlive-combined-full-2025.2025070
3-texmfdist/tex/generic/pgf/utilities/pgfrcs.code.tex
(/nix/store/mmsrx80s04dd1s9bwnv7k4n5pyil4lkz-texlive-combined-full-2025.2025070
3-texmfdist/tex/generic/pgf/pgf.revision.tex)
Package: pgfrcs 2023-01-15 v3.1.10 (3.1.10)
))
Package: pgf 2023-01-15 v3.1.10 (3.1.10)

(/nix/store/mmsrx80s04dd1s9bwnv7k4n5pyil4lkz-texlive-combined-full-2025.2025070
3-texmfdist/tex/latex/pgf/basiclayer/pgfcore.sty
(/nix/store/mmsrx80s04dd1s9bwnv7k4n5pyil4lkz-texlive-combined-full-2025.2025070
3-texmfdist/tex/latex/graphics/graphicx.sty
Package: graphicx 2024/12/31 v1.2e Enhanced LaTeX Graphics (DPC,SPQR)

(/nix/store/mmsrx80s04dd1s9bwnv7k4n5pyil4lkz-texlive-combined-full-2025.2025070
3-texmfdist/tex/latex/graphics/keyval.sty
Package: keyval 2022/05/29 v1.15 key=value parser (DPC)
\KV@toks@=\toks24
)
(/nix/store/mmsrx80s04dd1s9bwnv7k4n5pyil4lkz-texlive-combined-full-2025.2025070
3-texmfdist/tex/latex/graphics/graphics.sty
Package: graphics 2024/08/06 v1.4g Standard LaTeX Graphics (DPC,SPQR)

(/nix/store/mmsrx80s04dd1s9bwnv7k4n5pyil4lkz-texlive-combined-full-2025.2025070
3-texmfdist/tex/latex/graphics/trig.sty
Package: trig 2023/12/02 v1.11 sin cos tan (DPC)
)
(/nix/store/mmsrx80s04dd1s9bwnv7k4n5pyil4lkz-texlive-combined-full-2025.2025070
3-texmfdist/tex/latex/graphics-cfg/graphics.cfg
File: graphics.cfg 2016/06/04 v1.11 sample graphics configuration
)
Package graphics Info: Driver file: pdftex.def on input line 106.

(/nix/store/mmsrx80s04dd1s9bwnv7k4n5pyil4lkz-texlive-combined-full-2025.2025070
3-texmfdist/tex/latex/graphics-def/pdftex.def
File: pdftex.def 2024/04/13 v1.2c Graphics/color driver for pdftex
))
\Gin@req@height=\dimen160
\Gin@req@width=\dimen161
)
(/nix/store/mmsrx80s04dd1s9bwnv7k4n5pyil4lkz-texlive-combined-full-2025.2025070
3-texmfdist/tex/latex/pgf/systemlayer/pgfsys.sty
(/nix/store/mmsrx80s04dd1s9bwnv7k4n5pyil4lkz-texlive-combined-full-2025.2025070
3-texmfdist/tex/generic/pgf/systemlayer/pgfsys.code.tex
Package: pgfsys 2023-01-15 v3.1.10 (3.1.10)

(/nix/store/mmsrx80s04dd1s9bwnv7k4n5pyil4lkz-texlive-combined-full-2025.2025070
3-texmfdist/tex/generic/pgf/utilities/pgfkeys.code.tex
\pgfkeys@pathtoks=\toks25
\pgfkeys@temptoks=\toks26

(/nix/store/mmsrx80s04dd1s9bwnv7k4n5pyil4lkz-texlive-combined-full-2025.2025070
3-texmfdist/tex/generic/pgf/utilities/pgfkeyslibraryfiltered.code.tex
\pgfkeys@tmptoks=\toks27
))
\pgf@x=\dimen162
\pgf@y=\dimen163
\pgf@xa=\dimen164
\pgf@ya=\dimen165
\pgf@xb=\dimen166
\pgf@yb=\dimen167
\pgf@xc=\dimen168
\pgf@yc=\dimen169
\pgf@xd=\dimen170
\pgf@yd=\dimen171
\w@pgf@writea=\write3
\r@pgf@reada=\read2
\c@pgf@counta=\count295
\c@pgf@countb=\count296
\c@pgf@countc=\count297
\c@pgf@countd=\count298
\t@pgf@toka=\toks28
\t@pgf@tokb=\toks29
\t@pgf@tokc=\toks30
\pgf@sys@id@count=\count299

(/nix/store/mmsrx80s04dd1s9bwnv7k4n5pyil4lkz-texlive-combined-full-2025.2025070
3-texmfdist/tex/generic/pgf/systemlayer/pgf.cfg
File: pgf.cfg 2023-01-15 v3.1.10 (3.1.10)
)
Driver file for pgf: pgfsys-pdftex.def

(/nix/store/mmsrx80s04dd1s9bwnv7k4n5pyil4lkz-texlive-combined-full-2025.2025070
3-texmfdist/tex/generic/pgf/systemlayer/pgfsys-pdftex.def
File: pgfsys-pdftex.def 2023-01-15 v3.1.10 (3.1.10)

(/nix/store/mmsrx80s04dd1s9bwnv7k4n5pyil4lkz-texlive-combined-full-2025.2025070
3-texmfdist/tex/generic/pgf/systemlayer/pgfsys-common-pdf.def
File: pgfsys-common-pdf.def 2023-01-15 v3.1.10 (3.1.10)
)))
(/nix/store/mmsrx80s04dd1s9bwnv7k4n5pyil4lkz-texlive-combined-full-2025.2025070
3-texmfdist/tex/generic/pgf/systemlayer/pgfsyssoftpath.code.tex
File: pgfsyssoftpath.code.tex 2023-01-15 v3.1.10 (3.1.10)
\pgfsyssoftpath@smallbuffer@items=\count300
\pgfsyssoftpath@bigbuffer@items=\count301
)
(/nix/store/mmsrx80s04dd1s9bwnv7k4n5pyil4lkz-texlive-combined-full-2025.2025070
3-texmfdist/tex/generic/pgf/systemlayer/pgfsysprotocol.code.tex
File: pgfsysprotocol.code.tex 2023-01-15 v3.1.10 (3.1.10)
))
(/nix/store/mmsrx80s04dd1s9bwnv7k4n5pyil4lkz-texlive-combined-full-2025.2025070
3-texmfdist/tex/latex/xcolor/xcolor.sty
Package: xcolor 2024/09/29 v3.02 LaTeX color extensions (UK)

(/nix/store/mmsrx80s04dd1s9bwnv7k4n5pyil4lkz-texlive-combined-full-2025.2025070
3-texmfdist/tex/latex/graphics-cfg/color.cfg
File: color.cfg 2016/01/02 v1.6 sample color configuration
)
Package xcolor Info: Driver file: pdftex.def on input line 274.

(/nix/store/mmsrx80s04dd1s9bwnv7k4n5pyil4lkz-texlive-combined-full-2025.2025070
3-texmfdist/tex/latex/graphics/mathcolor.ltx)
Package xcolor Info: Model `cmy' substituted by `cmy0' on input line 1349.
Package xcolor Info: Model `hsb' substituted by `rgb' on input line 1353.
Package xcolor Info: Model `RGB' extended on input line 1365.
Package xcolor Info: Model `HTML' substituted by `rgb' on input line 1367.
Package xcolor Info: Model `Hsb' substituted by `hsb' on input line 1368.
Package xcolor Info: Model `tHsb' substituted by `hsb' on input line 1369.
Package xcolor Info: Model `HSB' substituted by `hsb' on input line 1370.
Package xcolor Info: Model `Gray' substituted by `gray' on input line 1371.
Package xcolor Info: Model `wave' substituted by `hsb' on input line 1372.
)
(/nix/store/mmsrx80s04dd1s9bwnv7k4n5pyil4lkz-texlive-combined-full-2025.2025070
3-texmfdist/tex/generic/pgf/basiclayer/pgfcore.code.tex
Package: pgfcore 2023-01-15 v3.1.10 (3.1.10)

(/nix/store/mmsrx80s04dd1s9bwnv7k4n5pyil4lkz-texlive-combined-full-2025.2025070
3-texmfdist/tex/generic/pgf/math/pgfmath.code.tex
(/nix/store/mmsrx80s04dd1s9bwnv7k4n5pyil4lkz-texlive-combined-full-2025.2025070
3-texmfdist/tex/generic/pgf/math/pgfmathutil.code.tex)
(/nix/store/mmsrx80s04dd1s9bwnv7k4n5pyil4lkz-texlive-combined-full-2025.2025070
3-texmfdist/tex/generic/pgf/math/pgfmathparser.code.tex
\pgfmath@dimen=\dimen172
\pgfmath@count=\count302
\pgfmath@box=\box56
\pgfmath@toks=\toks31
\pgfmath@stack@operand=\toks32
\pgfmath@stack@operation=\toks33
)
(/nix/store/mmsrx80s04dd1s9bwnv7k4n5pyil4lkz-texlive-combined-full-2025.2025070
3-texmfdist/tex/generic/pgf/math/pgfmathfunctions.code.tex)
(/nix/store/mmsrx80s04dd1s9bwnv7k4n5pyil4lkz-texlive-combined-full-2025.2025070
3-texmfdist/tex/generic/pgf/math/pgfmathfunctions.basic.code.tex)
(/nix/store/mmsrx80s04dd1s9bwnv7k4n5pyil4lkz-texlive-combined-full-2025.2025070
3-texmfdist/tex/generic/pgf/math/pgfmathfunctions.trigonometric.code.tex)
(/nix/store/mmsrx80s04dd1s9bwnv7k4n5pyil4lkz-texlive-combined-full-2025.2025070
3-texmfdist/tex/generic/pgf/math/pgfmathfunctions.random.code.tex)
(/nix/store/mmsrx80s04dd1s9bwnv7k4n5pyil4lkz-texlive-combined-full-2025.2025070
3-texmfdist/tex/generic/pgf/math/pgfmathfunctions.comparison.code.tex)
(/nix/store/mmsrx80s04dd1s9bwnv7k4n5pyil4lkz-texlive-combined-full-2025.2025070
3-texmfdist/tex/generic/pgf/math/pgfmathfunctions.base.code.tex)
(/nix/store/mmsrx80s04dd1s9bwnv7k4n5pyil4lkz-texlive-combined-full-2025.2025070
3-texmfdist/tex/generic/pgf/math/pgfmathfunctions.round.code.tex)
(/nix/store/mmsrx80s04dd1s9bwnv7k4n5pyil4lkz-texlive-combined-full-2025.2025070
3-texmfdist/tex/generic/pgf/math/pgfmathfunctions.misc.code.tex)
(/nix/store/mmsrx80s04dd1s9bwnv7k4n5pyil4lkz-texlive-combined-full-2025.2025070
3-texmfdist/tex/generic/pgf/math/pgfmathfunctions.integerarithmetics.code.tex)
(/nix/store/mmsrx80s04dd1s9bwnv7k4n5pyil4lkz-texlive-combined-full-2025.2025070
3-texmfdist/tex/generic/pgf/math/pgfmathcalc.code.tex)
(/nix/store/mmsrx80s04dd1s9bwnv7k4n5pyil4lkz-texlive-combined-full-2025.2025070
3-texmfdist/tex/generic/pgf/math/pgfmathfloat.code.tex
\c@pgfmathroundto@lastzeros=\count303
))
(/nix/store/mmsrx80s04dd1s9bwnv7k4n5pyil4lkz-texlive-combined-full-2025.2025070
3-texmfdist/tex/generic/pgf/math/pgfint.code.tex)
(/nix/store/mmsrx80s04dd1s9bwnv7k4n5pyil4lkz-texlive-combined-full-2025.2025070
3-texmfdist/tex/generic/pgf/basiclayer/pgfcorepoints.code.tex
File: pgfcorepoints.code.tex 2023-01-15 v3.1.10 (3.1.10)
\pgf@picminx=\dimen173
\pgf@picmaxx=\dimen174
\pgf@picminy=\dimen175
\pgf@picmaxy=\dimen176
\pgf@pathminx=\dimen177
\pgf@pathmaxx=\dimen178
\pgf@pathminy=\dimen179
\pgf@pathmaxy=\dimen180
\pgf@xx=\dimen181
\pgf@xy=\dimen182
\pgf@yx=\dimen183
\pgf@yy=\dimen184
\pgf@zx=\dimen185
\pgf@zy=\dimen186
)
(/nix/store/mmsrx80s04dd1s9bwnv7k4n5pyil4lkz-texlive-combined-full-2025.2025070
3-texmfdist/tex/generic/pgf/basiclayer/pgfcorepathconstruct.code.tex
File: pgfcorepathconstruct.code.tex 2023-01-15 v3.1.10 (3.1.10)
\pgf@path@lastx=\dimen187
\pgf@path@lasty=\dimen188
)
(/nix/store/mmsrx80s04dd1s9bwnv7k4n5pyil4lkz-texlive-combined-full-2025.2025070
3-texmfdist/tex/generic/pgf/basiclayer/pgfcorepathusage.code.tex
File: pgfcorepathusage.code.tex 2023-01-15 v3.1.10 (3.1.10)
\pgf@shorten@end@additional=\dimen189
\pgf@shorten@start@additional=\dimen190
)
(/nix/store/mmsrx80s04dd1s9bwnv7k4n5pyil4lkz-texlive-combined-full-2025.2025070
3-texmfdist/tex/generic/pgf/basiclayer/pgfcorescopes.code.tex
File: pgfcorescopes.code.tex 2023-01-15 v3.1.10 (3.1.10)
\pgfpic=\box57
\pgf@hbox=\box58
\pgf@layerbox@main=\box59
\pgf@picture@serial@count=\count304
)
(/nix/store/mmsrx80s04dd1s9bwnv7k4n5pyil4lkz-texlive-combined-full-2025.2025070
3-texmfdist/tex/generic/pgf/basiclayer/pgfcoregraphicstate.code.tex
File: pgfcoregraphicstate.code.tex 2023-01-15 v3.1.10 (3.1.10)
\pgflinewidth=\dimen191
)
(/nix/store/mmsrx80s04dd1s9bwnv7k4n5pyil4lkz-texlive-combined-full-2025.2025070
3-texmfdist/tex/generic/pgf/basiclayer/pgfcoretransformations.code.tex
File: pgfcoretransformations.code.tex 2023-01-15 v3.1.10 (3.1.10)
\pgf@pt@x=\dimen192
\pgf@pt@y=\dimen193
\pgf@pt@temp=\dimen194
)
(/nix/store/mmsrx80s04dd1s9bwnv7k4n5pyil4lkz-texlive-combined-full-2025.2025070
3-texmfdist/tex/generic/pgf/basiclayer/pgfcorequick.code.tex
File: pgfcorequick.code.tex 2023-01-15 v3.1.10 (3.1.10)
)
(/nix/store/mmsrx80s04dd1s9bwnv7k4n5pyil4lkz-texlive-combined-full-2025.2025070
3-texmfdist/tex/generic/pgf/basiclayer/pgfcoreobjects.code.tex
File: pgfcoreobjects.code.tex 2023-01-15 v3.1.10 (3.1.10)
)
(/nix/store/mmsrx80s04dd1s9bwnv7k4n5pyil4lkz-texlive-combined-full-2025.2025070
3-texmfdist/tex/generic/pgf/basiclayer/pgfcorepathprocessing.code.tex
File: pgfcorepathprocessing.code.tex 2023-01-15 v3.1.10 (3.1.10)
)
(/nix/store/mmsrx80s04dd1s9bwnv7k4n5pyil4lkz-texlive-combined-full-2025.2025070
3-texmfdist/tex/generic/pgf/basiclayer/pgfcorearrows.code.tex
File: pgfcorearrows.code.tex 2023-01-15 v3.1.10 (3.1.10)
\pgfarrowsep=\dimen195
)
(/nix/store/mmsrx80s04dd1s9bwnv7k4n5pyil4lkz-texlive-combined-full-2025.2025070
3-texmfdist/tex/generic/pgf/basiclayer/pgfcoreshade.code.tex
File: pgfcoreshade.code.tex 2023-01-15 v3.1.10 (3.1.10)
\pgf@max=\dimen196
\pgf@sys@shading@range@num=\count305
\pgf@shadingcount=\count306
)
(/nix/store/mmsrx80s04dd1s9bwnv7k4n5pyil4lkz-texlive-combined-full-2025.2025070
3-texmfdist/tex/generic/pgf/basiclayer/pgfcoreimage.code.tex
File: pgfcoreimage.code.tex 2023-01-15 v3.1.10 (3.1.10)
)
(/nix/store/mmsrx80s04dd1s9bwnv7k4n5pyil4lkz-texlive-combined-full-2025.2025070
3-texmfdist/tex/generic/pgf/basiclayer/pgfcoreexternal.code.tex
File: pgfcoreexternal.code.tex 2023-01-15 v3.1.10 (3.1.10)
\pgfexternal@startupbox=\box60
)
(/nix/store/mmsrx80s04dd1s9bwnv7k4n5pyil4lkz-texlive-combined-full-2025.2025070
3-texmfdist/tex/generic/pgf/basiclayer/pgfcorelayers.code.tex
File: pgfcorelayers.code.tex 2023-01-15 v3.1.10 (3.1.10)
)
(/nix/store/mmsrx80s04dd1s9bwnv7k4n5pyil4lkz-texlive-combined-full-2025.2025070
3-texmfdist/tex/generic/pgf/basiclayer/pgfcoretransparency.code.tex
File: pgfcoretransparency.code.tex 2023-01-15 v3.1.10 (3.1.10)
)
(/nix/store/mmsrx80s04dd1s9bwnv7k4n5pyil4lkz-texlive-combined-full-2025.2025070
3-texmfdist/tex/generic/pgf/basiclayer/pgfcorepatterns.code.tex
File: pgfcorepatterns.code.tex 2023-01-15 v3.1.10 (3.1.10)
)
(/nix/store/mmsrx80s04dd1s9bwnv7k4n5pyil4lkz-texlive-combined-full-2025.2025070
3-texmfdist/tex/generic/pgf/basiclayer/pgfcorerdf.code.tex
File: pgfcorerdf.code.tex 2023-01-15 v3.1.10 (3.1.10)
)))
(/nix/store/mmsrx80s04dd1s9bwnv7k4n5pyil4lkz-texlive-combined-full-2025.2025070
3-texmfdist/tex/generic/pgf/modules/pgfmoduleshapes.code.tex
File: pgfmoduleshapes.code.tex 2023-01-15 v3.1.10 (3.1.10)
\pgfnodeparttextbox=\box61
)
(/nix/store/mmsrx80s04dd1s9bwnv7k4n5pyil4lkz-texlive-combined-full-2025.2025070
3-texmfdist/tex/generic/pgf/modules/pgfmoduleplot.code.tex
File: pgfmoduleplot.code.tex 2023-01-15 v3.1.10 (3.1.10)
)
(/nix/store/mmsrx80s04dd1s9bwnv7k4n5pyil4lkz-texlive-combined-full-2025.2025070
3-texmfdist/tex/latex/pgf/compatibility/pgfcomp-version-0-65.sty
Package: pgfcomp-version-0-65 2023-01-15 v3.1.10 (3.1.10)
\pgf@nodesepstart=\dimen197
\pgf@nodesepend=\dimen198
)
(/nix/store/mmsrx80s04dd1s9bwnv7k4n5pyil4lkz-texlive-combined-full-2025.2025070
3-texmfdist/tex/latex/pgf/compatibility/pgfcomp-version-1-18.sty
Package: pgfcomp-version-1-18 2023-01-15 v3.1.10 (3.1.10)
))
(/nix/store/mmsrx80s04dd1s9bwnv7k4n5pyil4lkz-texlive-combined-full-2025.2025070
3-texmfdist/tex/latex/pgf/utilities/pgffor.sty
(/nix/store/mmsrx80s04dd1s9bwnv7k4n5pyil4lkz-texlive-combined-full-2025.2025070
3-texmfdist/tex/latex/pgf/utilities/pgfkeys.sty
(/nix/store/mmsrx80s04dd1s9bwnv7k4n5pyil4lkz-texlive-combined-full-2025.2025070
3-texmfdist/tex/generic/pgf/utilities/pgfkeys.code.tex))
(/nix/store/mmsrx80s04dd1s9bwnv7k4n5pyil4lkz-texlive-combined-full-2025.2025070
3-texmfdist/tex/latex/pgf/math/pgfmath.sty
(/nix/store/mmsrx80s04dd1s9bwnv7k4n5pyil4lkz-texlive-combined-full-2025.2025070
3-texmfdist/tex/generic/pgf/math/pgfmath.code.tex))
(/nix/store/mmsrx80s04dd1s9bwnv7k4n5pyil4lkz-texlive-combined-full-2025.2025070
3-texmfdist/tex/generic/pgf/utilities/pgffor.code.tex
Package: pgffor 2023-01-15 v3.1.10 (3.1.10)
\pgffor@iter=\dimen199
\pgffor@skip=\dimen256
\pgffor@stack=\toks34
\pgffor@toks=\toks35
))
(/nix/store/mmsrx80s04dd1s9bwnv7k4n5pyil4lkz-texlive-combined-full-2025.2025070
3-texmfdist/tex/generic/pgf/frontendlayer/tikz/tikz.code.tex
Package: tikz 2023-01-15 v3.1.10 (3.1.10)

(/nix/store/mmsrx80s04dd1s9bwnv7k4n5pyil4lkz-texlive-combined-full-2025.2025070
3-texmfdist/tex/generic/pgf/libraries/pgflibraryplothandlers.code.tex
File: pgflibraryplothandlers.code.tex 2023-01-15 v3.1.10 (3.1.10)
\pgf@plot@mark@count=\count307
\pgfplotmarksize=\dimen257
)
\tikz@lastx=\dimen258
\tikz@lasty=\dimen259
\tikz@lastxsaved=\dimen260
\tikz@lastysaved=\dimen261
\tikz@lastmovetox=\dimen262
\tikz@lastmovetoy=\dimen263
\tikzleveldistance=\dimen264
\tikzsiblingdistance=\dimen265
\tikz@figbox=\box62
\tikz@figbox@bg=\box63
\tikz@tempbox=\box64
\tikz@tempbox@bg=\box65
\tikztreelevel=\count308
\tikznumberofchildren=\count309
\tikznumberofcurrentchild=\count310
\tikz@fig@count=\count311

(/nix/store/mmsrx80s04dd1s9bwnv7k4n5pyil4lkz-texlive-combined-full-2025.2025070
3-texmfdist/tex/generic/pgf/modules/pgfmodulematrix.code.tex
File: pgfmodulematrix.code.tex 2023-01-15 v3.1.10 (3.1.10)
\pgfmatrixcurrentrow=\count312
\pgfmatrixcurrentcolumn=\count313
\pgf@matrix@numberofcolumns=\count314
)
\tikz@expandcount=\count315

(/nix/store/mmsrx80s04dd1s9bwnv7k4n5pyil4lkz-texlive-combined-full-2025.2025070
3-texmfdist/tex/generic/pgf/frontendlayer/tikz/libraries/tikzlibrarytopaths.cod
e.tex
File: tikzlibrarytopaths.code.tex 2023-01-15 v3.1.10 (3.1.10)
)))
(/nix/store/mmsrx80s04dd1s9bwnv7k4n5pyil4lkz-texlive-combined-full-2025.2025070
3-texmfdist/tex/latex/tcolorbox/tcolorbox.sty
Package: tcolorbox 2025/06/04 version 6.6.0 text color boxes

(/nix/store/mmsrx80s04dd1s9bwnv7k4n5pyil4lkz-texlive-combined-full-2025.2025070
3-texmfdist/tex/latex/tools/verbatim.sty
Package: verbatim 2024-01-22 v1.5x LaTeX2e package for verbatim enhancements
\every@verbatim=\toks36
\verbatim@line=\toks37
\verbatim@in@stream=\read3
)
(/nix/store/mmsrx80s04dd1s9bwnv7k4n5pyil4lkz-texlive-combined-full-2025.2025070
3-texmfdist/tex/latex/environ/environ.sty
Package: environ 2014/05/04 v0.3 A new way to define environments

(/nix/store/mmsrx80s04dd1s9bwnv7k4n5pyil4lkz-texlive-combined-full-2025.2025070
3-texmfdist/tex/latex/trimspaces/trimspaces.sty
Package: trimspaces 2009/09/17 v1.1 Trim spaces around a token list
))
(/nix/store/mmsrx80s04dd1s9bwnv7k4n5pyil4lkz-texlive-combined-full-2025.2025070
3-texmfdist/tex/latex/etoolbox/etoolbox.sty
Package: etoolbox 2025/02/11 v2.5l e-TeX tools for LaTeX (JAW)
\etb@tempcnta=\count316
)
\tcb@titlebox=\box66
\tcb@upperbox=\box67
\tcb@lowerbox=\box68
\tcb@phantombox=\box69
\c@tcbbreakpart=\count317
\c@tcblayer=\count318
\c@tcolorbox@number=\count319
\l__tcobox_tmpa_box=\box70
\l__tcobox_tmpa_dim=\dimen266
\tcb@temp=\box71
\tcb@temp=\box72
\tcb@temp=\box73
\tcb@temp=\box74
)
(/nix/store/mmsrx80s04dd1s9bwnv7k4n5pyil4lkz-texlive-combined-full-2025.2025070
3-texmfdist/tex/generic/pgf/frontendlayer/tikz/libraries/tikzlibrarymatrix.code
.tex
File: tikzlibrarymatrix.code.tex 2023-01-15 v3.1.10 (3.1.10)
)
(/nix/store/mmsrx80s04dd1s9bwnv7k4n5pyil4lkz-texlive-combined-full-2025.2025070
3-texmfdist/tex/generic/pgf/frontendlayer/tikz/libraries/tikzlibrarybackgrounds
.code.tex
File: tikzlibrarybackgrounds.code.tex 2023-01-15 v3.1.10 (3.1.10)
\pgf@layerbox@background=\box75
\pgf@layerboxsaved@background=\box76
)
(/nix/store/mmsrx80s04dd1s9bwnv7k4n5pyil4lkz-texlive-combined-full-2025.2025070
3-texmfdist/tex/generic/pgf/frontendlayer/tikz/libraries/tikzlibrarypatterns.co
de.tex
File: tikzlibrarypatterns.code.tex 2023-01-15 v3.1.10 (3.1.10)

(/nix/store/mmsrx80s04dd1s9bwnv7k4n5pyil4lkz-texlive-combined-full-2025.2025070
3-texmfdist/tex/generic/pgf/libraries/pgflibrarypatterns.code.tex
File: pgflibrarypatterns.code.tex 2023-01-15 v3.1.10 (3.1.10)
))
(/nix/store/mmsrx80s04dd1s9bwnv7k4n5pyil4lkz-texlive-combined-full-2025.2025070
3-texmfdist/tex/generic/pgf/frontendlayer/tikz/libraries/tikzlibrarypositioning
.code.tex
File: tikzlibrarypositioning.code.tex 2023-01-15 v3.1.10 (3.1.10)
)
(/nix/store/mmsrx80s04dd1s9bwnv7k4n5pyil4lkz-texlive-combined-full-2025.2025070
3-texmfdist/tex/latex/l3backend/l3backend-pdftex.def
File: l3backend-pdftex.def 2025-06-09 L3 backend support: PDF output (pdfTeX)
\l__color_backend_stack_int=\count320
) (./mobius_inversion.aux)
\openout1 = `mobius_inversion.aux'.

LaTeX Font Info:    Checking defaults for OML/cmm/m/it on input line 20.
LaTeX Font Info:    ... okay on input line 20.
LaTeX Font Info:    Checking defaults for OMS/cmsy/m/n on input line 20.
LaTeX Font Info:    ... okay on input line 20.
LaTeX Font Info:    Checking defaults for OT1/cmr/m/n on input line 20.
LaTeX Font Info:    ... okay on input line 20.
LaTeX Font Info:    Checking defaults for T1/cmr/m/n on input line 20.
LaTeX Font Info:    ... okay on input line 20.
LaTeX Font Info:    Checking defaults for TS1/cmr/m/n on input line 20.
LaTeX Font Info:    ... okay on input line 20.
LaTeX Font Info:    Checking defaults for OMX/cmex/m/n on input line 20.
LaTeX Font Info:    ... okay on input line 20.
LaTeX Font Info:    Checking defaults for U/cmr/m/n on input line 20.
LaTeX Font Info:    ... okay on input line 20.

(/nix/store/mmsrx80s04dd1s9bwnv7k4n5pyil4lkz-texlive-combined-full-2025.2025070
3-texmfdist/tex/context/base/mkii/supp-pdf.mkii
[Loading MPS to PDF converter (version 2006.09.02).]
\scratchcounter=\count321
\scratchdimen=\dimen267
\scratchbox=\box77
\nofMPsegments=\count322
\nofMParguments=\count323
\everyMPshowfont=\toks38
\MPscratchCnt=\count324
\MPscratchDim=\dimen268
\MPnumerator=\count325
\makeMPintoPDFobject=\count326
\everyMPtoPDFconversion=\toks39
)
(/nix/store/mmsrx80s04dd1s9bwnv7k4n5pyil4lkz-texlive-combined-full-2025.2025070
3-texmfdist/tex/latex/epstopdf-pkg/epstopdf-base.sty
Package: epstopdf-base 2020-01-24 v2.11 Base part for package epstopdf
Package epstopdf-base Info: Redefining graphics rule for `.eps' on input line 4
85.

(/nix/store/mmsrx80s04dd1s9bwnv7k4n5pyil4lkz-texlive-combined-full-2025.2025070
3-texmfdist/tex/latex/latexconfig/epstopdf-sys.cfg
File: epstopdf-sys.cfg 2010/07/13 v1.3 Configuration of (r)epstopdf for TeX Liv
e
))
LaTeX Font Info:    Trying to load font information for U+msa on input line 21.


(/nix/store/mmsrx80s04dd1s9bwnv7k4n5pyil4lkz-texlive-combined-full-2025.2025070
3-texmfdist/tex/latex/amsfonts/umsa.fd
File: umsa.fd 2013/01/14 v3.01 AMS symbols A
)
LaTeX Font Info:    Trying to load font information for U+msb on input line 21.


(/nix/store/mmsrx80s04dd1s9bwnv7k4n5pyil4lkz-texlive-combined-full-2025.2025070
3-texmfdist/tex/latex/amsfonts/umsb.fd
File: umsb.fd 2013/01/14 v3.01 AMS symbols B
)

[1

{/nix/store/39nw9fnfwq45c9yn32dxzb5ijcqq87y4-texlive-combined-full-2025.2025070
3/share/texmf-var/fonts/map/pdftex/updmap/pdftex.map}]
Overfull \hbox (1.07425pt too wide) detected at line 103
\OML/cmm/m/it/10 f\OT1/cmr/m/n/10 (\OML/cmm/m/it/10 x; y\OT1/cmr/m/n/10 ) = []
 []



[2{/nix/store/mmsrx80s04dd1s9bwnv7k4n5pyil4lkz-texlive-combined-full-2025.20250
703-texmfdist/fonts/enc/dvips/cm-super/cm-super-ts1.enc}]

[3]

[4] (./mobius_inversion.aux)
 ***********
LaTeX2e <2025-06-01> patch level 1
L3 programming layer <2025-06-09>
 ***********
 ) 
Here is how much of TeX's memory you used:
 15682 strings out of 467888
 342606 string characters out of 5405403
 704532 words of memory out of 5000000
 43987 multiletter control sequences out of 15000+600000
 634716 words of font info for 71 fonts, out of 8000000 for 9000
 1141 hyphenation exceptions out of 8191
 102i,13n,107p,496b,587s stack positions out of 10000i,1000n,20000p,200000b,200000s
</nix/store/mmsrx80s04dd1s9bwnv7k4n5pyil4lkz-texlive-combined-full-2025.20250
703-texmfdist/fonts/type1/public/amsfonts/cm/cmbx10.pfb></nix/store/mmsrx80s04d
d1s9bwnv7k4n5pyil4lkz-texlive-combined-full-2025.20250703-texmfdist/fonts/type1
/public/amsfonts/cm/cmbx12.pfb></nix/store/mmsrx80s04dd1s9bwnv7k4n5pyil4lkz-tex
live-combined-full-2025.20250703-texmfdist/fonts/type1/public/amsfonts/cm/cmex1
0.pfb></nix/store/mmsrx80s04dd1s9bwnv7k4n5pyil4lkz-texlive-combined-full-2025.2
0250703-texmfdist/fonts/type1/public/amsfonts/cm/cmmi10.pfb></nix/store/mmsrx80
s04dd1s9bwnv7k4n5pyil4lkz-texlive-combined-full-2025.20250703-texmfdist/fonts/t
ype1/public/amsfonts/cm/cmmi5.pfb></nix/store/mmsrx80s04dd1s9bwnv7k4n5pyil4lkz-
texlive-combined-full-2025.20250703-texmfdist/fonts/type1/public/amsfonts/cm/cm
mi7.pfb></nix/store/mmsrx80s04dd1s9bwnv7k4n5pyil4lkz-texlive-combined-full-2025
.20250703-texmfdist/fonts/type1/public/amsfonts/cm/cmr10.pfb></nix/store/mmsrx8
0s04dd1s9bwnv7k4n5pyil4lkz-texlive-combined-full-2025.20250703-texmfdist/fonts/
type1/public/amsfonts/cm/cmr12.pfb></nix/store/mmsrx80s04dd1s9bwnv7k4n5pyil4lkz
-texlive-combined-full-2025.20250703-texmfdist/fonts/type1/public/amsfonts/cm/c
mr17.pfb></nix/store/mmsrx80s04dd1s9bwnv7k4n5pyil4lkz-texlive-combined-full-202
5.20250703-texmfdist/fonts/type1/public/amsfonts/cm/cmr7.pfb></nix/store/mmsrx8
0s04dd1s9bwnv7k4n5pyil4lkz-texlive-combined-full-2025.20250703-texmfdist/fonts/
type1/public/amsfonts/cm/cmsy10.pfb></nix/store/mmsrx80s04dd1s9bwnv7k4n5pyil4lk
z-texlive-combined-full-2025.20250703-texmfdist/fonts/type1/public/amsfonts/cm/
cmsy5.pfb></nix/store/mmsrx80s04dd1s9bwnv7k4n5pyil4lkz-texlive-combined-full-20
25.20250703-texmfdist/fonts/type1/public/amsfonts/cm/cmsy7.pfb></nix/store/mmsr
x80s04dd1s9bwnv7k4n5pyil4lkz-texlive-combined-full-2025.20250703-texmfdist/font
s/type1/public/amsfonts/symbols/msbm10.pfb></nix/store/mmsrx80s04dd1s9bwnv7k4n5
pyil4lkz-texlive-combined-full-2025.20250703-texmfdist/fonts/type1/public/cm-su
per/sfrm1000.pfb>
Output written on mobius_inversion.pdf (4 pages, 150783 bytes).
PDF statistics:
 96 PDF objects out of 1000 (max. 8388607)
 59 compressed objects within 1 object stream
 0 named destinations out of 1000 (max. 500000)
 13 words of extra memory for PDF output out of 10000 (max. 10000000)

